<html>
<body>
<pre>
<h1>礦ision Build Log</h1>
<h2>Tool Versions:</h2>
IDE-Version: μVision V5.36.0.0
Copyright (C) 2021 ARM Ltd and ARM Germany GmbH. All rights reserved.
License Information: 1 1, 1, LIC=03C6R-K958F-NNIAF-6IH56-H6EJI-MYQ5M
 
Tool Versions:
Toolchain:       MDK-ARM Plus  Version: 5.36.0.0
Toolchain Path:  E:\keil_v5\ARM\ARMCC\Bin
C Compiler:      Armcc.exe V5.06 update 7 (build 960)
Assembler:       Armasm.exe V5.06 update 7 (build 960)
Linker/Locator:  ArmLink.exe V5.06 update 7 (build 960)
Library Manager: ArmAr.exe V5.06 update 7 (build 960)
Hex Converter:   FromElf.exe V5.06 update 7 (build 960)
CPU DLL:         SARMCM3.DLL V5.36.0.0
Dialog DLL:      DCM.DLL V1.17.3.0
Target DLL:      CMSIS_AGDI.dll V1.33.0.0
Dialog DLL:      TCM.DLL V1.53.0.0
 
<h2>Project:</h2>
H:\所有比赛汇总\蓝桥杯比赛\蓝桥杯嵌入式资料\资源数据包_嵌入式（G431）_2021\资源数据包_嵌入式（G431）_2021\5-液晶驱动参考例程\HAL_06_LCD\MDK-ARM\HAL_06_LCD.uvprojx
Project File Date:  01/14/2022

<h2>Output:</h2>
*** Using Compiler 'V5.06 update 7 (build 960)', folder: 'E:\keil_v5\ARM\ARMCC\Bin'
Rebuild target 'HAL_06_LCD'
assembling startup_stm32g431xx.s...
compiling stm32g4xx_hal_tim_ex.c...
compiling stm32g4xx_ll_pwr.c...
compiling stm32g4xx_hal_tim.c...
compiling lcd.c...
compiling stm32g4xx_it.c...
compiling stm32g4xx_hal_gpio.c...
compiling main.c...
compiling stm32g4xx_hal_msp.c...
compiling stm32g4xx_hal.c...
compiling stm32g4xx_hal_flash_ex.c...
compiling stm32g4xx_hal_flash_ramfunc.c...
compiling stm32g4xx_hal_flash.c...
compiling stm32g4xx_hal_exti.c...
compiling stm32g4xx_hal_rcc.c...
compiling stm32g4xx_hal_rcc_ex.c...
compiling stm32g4xx_hal_dma.c...
compiling stm32g4xx_hal_dma_ex.c...
compiling stm32g4xx_hal_pwr_ex.c...
compiling stm32g4xx_hal_pwr.c...
compiling system_stm32g4xx.c...
compiling stm32g4xx_hal_cortex.c...
linking...
Program Size: Code=5176 RO-data=5080 RW-data=24 ZI-data=1024  
FromELF: creating hex file...
"HAL_06_LCD\HAL_06_LCD.axf" - 0 Error(s), 0 Warning(s).

<h2>Software Packages used:</h2>

Package Vendor: ARM
                http://www.keil.com/pack/ARM.CMSIS.5.8.0.pack
                ARM.CMSIS.5.8.0
                CMSIS (Common Microcontroller Software Interface Standard)
   * Component: CORE Version: 5.5.0

Package Vendor: Keil
                http://www.keil.com/pack/Keil.STM32G4xx_DFP.1.4.0.pack
                Keil.STM32G4xx_DFP.1.4.0
                STMicroelectronics STM32G4 Series Device Support, Drivers and Examples

<h2>Collection of Component include folders:</h2>
  .\RTE\_HAL_06_LCD
  E:\keil_v5\pack\ARM\CMSIS\5.8.0\CMSIS\Core\Include
  E:\keil_v5\pack\Keil\STM32G4xx_DFP\1.4.0\Drivers\CMSIS\Device\ST\STM32G4xx\Include

<h2>Collection of Component Files used:</h2>

   * Component: ARM::CMSIS:CORE:5.5.0
Build Time Elapsed:  00:00:11
</pre>
</body>
</html>
